2017-02-26 00:56:24
array (
)
array (
  'HTTP_USER_AGENT' => 'Wget/1.16 (linux-gnu)',
  'HTTP_ACCEPT' => '*/*',
  'HTTP_HOST' => 'localhost',
  'HTTP_CONNECTION' => 'Keep-Alive',
  'PATH' => '/usr/local/sbin:/usr/local/bin:/usr/sbin:/usr/bin:/sbin:/bin',
  'SERVER_SIGNATURE' => '<address>Apache/2.4.10 (Debian) Server at localhost Port 80</address>
',
  'SERVER_SOFTWARE' => 'Apache/2.4.10 (Debian)',
  'SERVER_NAME' => 'localhost',
  'SERVER_ADDR' => '::1',
  'SERVER_PORT' => '80',
  'REMOTE_ADDR' => '::1',
  'DOCUMENT_ROOT' => '/var/www/html/ff-provisioning-server/',
  'REQUEST_SCHEME' => 'http',
  'CONTEXT_PREFIX' => '',
  'CONTEXT_DOCUMENT_ROOT' => '/var/www/html/ff-provisioning-server/',
  'SERVER_ADMIN' => 'webmaster@localhost',
  'SCRIPT_FILENAME' => '/var/www/html/ff-provisioning-server/index.php',
  'REMOTE_PORT' => '54551',
  'GATEWAY_INTERFACE' => 'CGI/1.1',
  'SERVER_PROTOCOL' => 'HTTP/1.1',
  'REQUEST_METHOD' => 'GET',
  'QUERY_STRING' => '',
  'REQUEST_URI' => '/',
  'SCRIPT_NAME' => '/index.php',
  'PHP_SELF' => '/index.php',
  'REQUEST_TIME_FLOAT' => 1488066984.668,
  'REQUEST_TIME' => 1488066984,
)
2017-02-26 01:01:44
array (
)
array (
  'HTTP_USER_AGENT' => 'Wget/1.16 (linux-gnu)',
  'HTTP_ACCEPT' => '*/*',
  'HTTP_HOST' => '10.181.0.132',
  'HTTP_CONNECTION' => 'Keep-Alive',
  'PATH' => '/usr/local/sbin:/usr/local/bin:/usr/sbin:/usr/bin:/sbin:/bin',
  'SERVER_SIGNATURE' => '<address>Apache/2.4.10 (Debian) Server at 10.181.0.132 Port 80</address>
',
  'SERVER_SOFTWARE' => 'Apache/2.4.10 (Debian)',
  'SERVER_NAME' => '10.181.0.132',
  'SERVER_ADDR' => '10.181.0.132',
  'SERVER_PORT' => '80',
  'REMOTE_ADDR' => '10.181.0.130',
  'DOCUMENT_ROOT' => '/var/www/html/ff-provisioning-server/',
  'REQUEST_SCHEME' => 'http',
  'CONTEXT_PREFIX' => '',
  'CONTEXT_DOCUMENT_ROOT' => '/var/www/html/ff-provisioning-server/',
  'SERVER_ADMIN' => 'webmaster@localhost',
  'SCRIPT_FILENAME' => '/var/www/html/ff-provisioning-server/index.php',
  'REMOTE_PORT' => '48942',
  'GATEWAY_INTERFACE' => 'CGI/1.1',
  'SERVER_PROTOCOL' => 'HTTP/1.1',
  'REQUEST_METHOD' => 'GET',
  'QUERY_STRING' => '',
  'REQUEST_URI' => '/',
  'SCRIPT_NAME' => '/index.php',
  'PHP_SELF' => '/index.php',
  'REQUEST_TIME_FLOAT' => 1488067304.809,
  'REQUEST_TIME' => 1488067304,
)
2017-02-26 01:20:06
array (
)
array (
  'HTTP_HOST' => 'provisioning.ffggrz.de',
  'HTTP_X_REAL_IP' => '88.75.166.86',
  'HTTP_X_FORWARDED_FOR' => '88.75.166.86',
  'HTTP_CONNECTION' => 'close',
  'HTTP_USER_AGENT' => 'Mozilla/5.0 (X11; Ubuntu; Linux x86_64; rv:51.0) Gecko/20100101 Firefox/51.0',
  'HTTP_ACCEPT' => 'text/html,application/xhtml+xml,application/xml;q=0.9,*/*;q=0.8',
  'HTTP_ACCEPT_LANGUAGE' => 'en-US,en;q=0.5',
  'HTTP_ACCEPT_ENCODING' => 'gzip, deflate',
  'HTTP_DNT' => '1',
  'HTTP_UPGRADE_INSECURE_REQUESTS' => '1',
  'HTTP_IF_MODIFIED_SINCE' => 'Sun, 26 Feb 2017 00:01:20 GMT',
  'HTTP_CACHE_CONTROL' => 'max-age=0',
  'PATH' => '/usr/local/sbin:/usr/local/bin:/usr/sbin:/usr/bin:/sbin:/bin',
  'SERVER_SIGNATURE' => '<address>Apache/2.4.10 (Debian) Server at provisioning.ffggrz.de Port 80</address>
',
  'SERVER_SOFTWARE' => 'Apache/2.4.10 (Debian)',
  'SERVER_NAME' => 'provisioning.ffggrz.de',
  'SERVER_ADDR' => '10.181.0.132',
  'SERVER_PORT' => '80',
  'REMOTE_ADDR' => '10.181.0.130',
  'DOCUMENT_ROOT' => '/var/www/html/ff-provisioning-server/',
  'REQUEST_SCHEME' => 'http',
  'CONTEXT_PREFIX' => '',
  'CONTEXT_DOCUMENT_ROOT' => '/var/www/html/ff-provisioning-server/',
  'SERVER_ADMIN' => 'webmaster@localhost',
  'SCRIPT_FILENAME' => '/var/www/html/ff-provisioning-server/index.php',
  'REMOTE_PORT' => '50456',
  'GATEWAY_INTERFACE' => 'CGI/1.1',
  'SERVER_PROTOCOL' => 'HTTP/1.0',
  'REQUEST_METHOD' => 'GET',
  'QUERY_STRING' => '',
  'REQUEST_URI' => '/',
  'SCRIPT_NAME' => '/index.php',
  'PHP_SELF' => '/index.php',
  'REQUEST_TIME_FLOAT' => 1488068406.5650001,
  'REQUEST_TIME' => 1488068406,
)
2017-02-26 01:20:23
array (
)
array (
  'HTTP_HOST' => 'provisioning.ffggrz.de',
  'HTTP_X_REAL_IP' => '88.75.166.86',
  'HTTP_X_FORWARDED_FOR' => '88.75.166.86',
  'HTTP_CONNECTION' => 'close',
  'HTTP_USER_AGENT' => 'Mozilla/5.0 (X11; Ubuntu; Linux x86_64; rv:51.0) Gecko/20100101 Firefox/51.0',
  'HTTP_ACCEPT' => 'text/html,application/xhtml+xml,application/xml;q=0.9,*/*;q=0.8',
  'HTTP_ACCEPT_LANGUAGE' => 'en-US,en;q=0.5',
  'HTTP_ACCEPT_ENCODING' => 'gzip, deflate',
  'HTTP_DNT' => '1',
  'HTTP_UPGRADE_INSECURE_REQUESTS' => '1',
  'HTTP_CACHE_CONTROL' => 'max-age=0',
  'PATH' => '/usr/local/sbin:/usr/local/bin:/usr/sbin:/usr/bin:/sbin:/bin',
  'SERVER_SIGNATURE' => '<address>Apache/2.4.10 (Debian) Server at provisioning.ffggrz.de Port 80</address>
',
  'SERVER_SOFTWARE' => 'Apache/2.4.10 (Debian)',
  'SERVER_NAME' => 'provisioning.ffggrz.de',
  'SERVER_ADDR' => '10.181.0.132',
  'SERVER_PORT' => '80',
  'REMOTE_ADDR' => '10.181.0.130',
  'DOCUMENT_ROOT' => '/var/www/html/ff-provisioning-server/',
  'REQUEST_SCHEME' => 'http',
  'CONTEXT_PREFIX' => '',
  'CONTEXT_DOCUMENT_ROOT' => '/var/www/html/ff-provisioning-server/',
  'SERVER_ADMIN' => 'webmaster@localhost',
  'SCRIPT_FILENAME' => '/var/www/html/ff-provisioning-server/index.php',
  'REMOTE_PORT' => '50489',
  'GATEWAY_INTERFACE' => 'CGI/1.1',
  'SERVER_PROTOCOL' => 'HTTP/1.0',
  'REQUEST_METHOD' => 'GET',
  'QUERY_STRING' => '',
  'REQUEST_URI' => '/',
  'SCRIPT_NAME' => '/index.php',
  'PHP_SELF' => '/index.php',
  'REQUEST_TIME_FLOAT' => 1488068423.1129999,
  'REQUEST_TIME' => 1488068423,
)
